// Jest Snapshot v1, https://goo.gl/fbAQLP

exports[`Renders Rating correctly 1`] = `
<div>
  <div>
    <button
      class="MuiButtonBase-root-7 MuiIconButton-root-1"
      tabindex="0"
      type="button"
    >
      <span
        class="MuiIconButton-label-6"
      >
        <svg
          aria-hidden="true"
          class="MuiSvgIcon-root-10 filled"
          fill="#ff9800"
          focusable="false"
          role="presentation"
          viewBox="0 0 24 24"
        >
          <path
            d="M0 0h24v24H0z"
            fill="none"
          />
          <path
            d="M12 17.27L18.18 21l-1.64-7.03L22 9.24l-7.19-.61L12 2 9.19 8.63 2 9.24l5.46 4.73L5.82 21z"
          />
          <path
            d="M0 0h24v24H0z"
            fill="none"
          />
        </svg>
      </span>
      <span
        class="MuiTouchRipple-root-19"
      />
    </button>
    <button
      class="MuiButtonBase-root-7 MuiIconButton-root-1"
      tabindex="0"
      type="button"
    >
      <span
        class="MuiIconButton-label-6"
      >
        <svg
          aria-hidden="true"
          class="MuiSvgIcon-root-10 empty"
          fill="#ffb74d"
          focusable="false"
          role="presentation"
          viewBox="0 0 24 24"
        >
          <path
            d="M22 9.24l-7.19-.62L12 2 9.19 8.63 2 9.24l5.46 4.73L5.82 21 12 17.27 18.18 21l-1.63-7.03L22 9.24zM12 15.4l-3.76 2.27 1-4.28-3.32-2.88 4.38-.38L12 6.1l1.71 4.04 4.38.38-3.32 2.88 1 4.28L12 15.4z"
          />
          <path
            d="M0 0h24v24H0z"
            fill="none"
          />
        </svg>
      </span>
      <span
        class="MuiTouchRipple-root-19"
      />
    </button>
    <button
      class="MuiButtonBase-root-7 MuiIconButton-root-1"
      tabindex="0"
      type="button"
    >
      <span
        class="MuiIconButton-label-6"
      >
        <svg
          aria-hidden="true"
          class="MuiSvgIcon-root-10 empty"
          fill="#ffb74d"
          focusable="false"
          role="presentation"
          viewBox="0 0 24 24"
        >
          <path
            d="M22 9.24l-7.19-.62L12 2 9.19 8.63 2 9.24l5.46 4.73L5.82 21 12 17.27 18.18 21l-1.63-7.03L22 9.24zM12 15.4l-3.76 2.27 1-4.28-3.32-2.88 4.38-.38L12 6.1l1.71 4.04 4.38.38-3.32 2.88 1 4.28L12 15.4z"
          />
          <path
            d="M0 0h24v24H0z"
            fill="none"
          />
        </svg>
      </span>
      <span
        class="MuiTouchRipple-root-19"
      />
    </button>
    <button
      class="MuiButtonBase-root-7 MuiIconButton-root-1"
      tabindex="0"
      type="button"
    >
      <span
        class="MuiIconButton-label-6"
      >
        <svg
          aria-hidden="true"
          class="MuiSvgIcon-root-10 empty"
          fill="#ffb74d"
          focusable="false"
          role="presentation"
          viewBox="0 0 24 24"
        >
          <path
            d="M22 9.24l-7.19-.62L12 2 9.19 8.63 2 9.24l5.46 4.73L5.82 21 12 17.27 18.18 21l-1.63-7.03L22 9.24zM12 15.4l-3.76 2.27 1-4.28-3.32-2.88 4.38-.38L12 6.1l1.71 4.04 4.38.38-3.32 2.88 1 4.28L12 15.4z"
          />
          <path
            d="M0 0h24v24H0z"
            fill="none"
          />
        </svg>
      </span>
      <span
        class="MuiTouchRipple-root-19"
      />
    </button>
    <button
      class="MuiButtonBase-root-7 MuiIconButton-root-1"
      tabindex="0"
      type="button"
    >
      <span
        class="MuiIconButton-label-6"
      >
        <svg
          aria-hidden="true"
          class="MuiSvgIcon-root-10 empty"
          fill="#ffb74d"
          focusable="false"
          role="presentation"
          viewBox="0 0 24 24"
        >
          <path
            d="M22 9.24l-7.19-.62L12 2 9.19 8.63 2 9.24l5.46 4.73L5.82 21 12 17.27 18.18 21l-1.63-7.03L22 9.24zM12 15.4l-3.76 2.27 1-4.28-3.32-2.88 4.38-.38L12 6.1l1.71 4.04 4.38.38-3.32 2.88 1 4.28L12 15.4z"
          />
          <path
            d="M0 0h24v24H0z"
            fill="none"
          />
        </svg>
      </span>
      <span
        class="MuiTouchRipple-root-19"
      />
    </button>
  </div>
</div>
`;
